   Compiling proc-macro2 v1.0.107
   Compiling quote v1.0.47
   Compiling unicode-ident v1.0.24
    Checking typenum v1.20.1
   Compiling serde_core v1.0.229
    Checking cfg-if v1.0.4
   Compiling version_check v0.9.5
   Compiling zmij v1.0.23
   Compiling serde v1.0.229
   Compiling getrandom v0.4.3
   Compiling serde_json v1.0.151
    Checking memchr v2.8.3
   Compiling thiserror v2.0.20
   Compiling ref-cast v1.0.27
    Checking itoa v1.0.18
    Checking cpufeatures v0.2.17
    Checking dyn-clone v1.0.20
   Compiling semver v1.0.28
    Checking cpufeatures v0.3.1
    Checking zeroize v1.9.0
    Checking signature v3.0.0
    Checking subtle v2.6.1
    Checking winnow v1.0.4
   Compiling shlex v2.0.1
    Checking toml_writer v1.1.2+spec-1.1.0
   Compiling find-msvc-tools v0.1.12
   Compiling redb v4.1.0
    Checking constant_time_eq v0.4.2
    Checking arrayvec v0.7.8
   Compiling generic-array v0.14.7
   Compiling rustc_version v0.4.1
    Checking ed25519 v3.0.0
    Checking hybrid-array v0.4.15
   Compiling cc v1.4.6
   Compiling curve25519-dalek v5.0.0
    Checking toml_parser v1.1.3+spec-1.1.0
    Checking crypto-common v0.2.2
    Checking block-buffer v0.12.1
    Checking crypto-common v0.1.7
    Checking block-buffer v0.10.4
   Compiling syn v3.0.5
   Compiling syn v2.0.119
    Checking digest v0.10.7
    Checking digest v0.11.3
   Compiling blake3 v1.8.7
    Checking sha2 v0.11.0
    Checking sha2 v0.10.9
    Checking uuid v1.26.1
    Checking toml_datetime v1.1.1+spec-1.1.0
    Checking serde_spanned v1.1.1
    Checking toml v1.1.6+spec-1.1.0
   Compiling serde_derive_internals v0.30.0
   Compiling serde_derive v1.0.229
   Compiling ref-cast-impl v1.0.27
   Compiling thiserror-impl v2.0.20
   Compiling schemars_derive v1.2.2
   Compiling curve25519-dalek-derive v0.1.1
    Checking ed25519-dalek v3.0.0
    Checking schemars v1.2.2
    Checking eliot-build-test-graph v0.1.0 (C:\Development\Rust\projects\eliot-swarm\CB-1140\crates\instrument\eliot-build-test-graph)
    Checking eliot-contracts v0.1.0 (C:\Development\Rust\projects\eliot-swarm\CB-1140\crates\foundation\eliot-contracts)
    Checking eliot-receipts v0.1.0 (C:\Development\Rust\projects\eliot-swarm\CB-1140\crates\foundation\eliot-receipts)
    Checking eliot-evidence v0.1.0 (C:\Development\Rust\projects\eliot-swarm\CB-1140\crates\foundation\eliot-evidence)
    Checking eliot-runtime-contracts v0.1.0 (C:\Development\Rust\projects\eliot-swarm\CB-1140\crates\foundation\eliot-runtime-contracts)
    Checking eliot-instrument-api v0.1.0 (C:\Development\Rust\projects\eliot-swarm\CB-1140\crates\instrument\eliot-instrument-api)
    Checking eliot-agent-contracts v0.1.0 (C:\Development\Rust\projects\eliot-swarm\CB-1140\crates\agent\eliot-agent-contracts)
    Checking eliot-security-contracts v0.1.0 (C:\Development\Rust\projects\eliot-swarm\CB-1140\crates\foundation\eliot-security-contracts)
    Checking eliot-platform v0.1.0 (C:\Development\Rust\projects\eliot-swarm\CB-1140\crates\kernel\eliot-platform)
    Checking eliot-protocol v0.1.0 (C:\Development\Rust\projects\eliot-swarm\CB-1140\crates\foundation\eliot-protocol)
    Checking eliot-process v0.1.0 (C:\Development\Rust\projects\eliot-swarm\CB-1140\crates\kernel\eliot-process)
    Checking eliot-testd-core v0.1.0 (C:\Development\Rust\projects\eliot-swarm\CB-1140\crates\instrument\eliot-testd-core)
    Finished `dev` profile [unoptimized + debuginfo] target(s) in 25.82s
