   Compiling proc-macro2 v1.0.107
   Compiling unicode-ident v1.0.24
   Compiling quote v1.0.47
   Compiling version_check v0.9.5
   Compiling serde_core v1.0.229
    Checking typenum v1.20.1
   Compiling zmij v1.0.23
   Compiling serde v1.0.229
   Compiling ref-cast v1.0.27
   Compiling serde_json v1.0.151
   Compiling thiserror v2.0.20
    Checking itoa v1.0.18
    Checking memchr v2.8.3
    Checking uuid v1.26.1
    Checking cpufeatures v0.2.17
    Checking cfg-if v1.0.4
    Checking dyn-clone v1.0.20
   Compiling generic-array v0.14.7
   Compiling syn v3.0.5
    Checking block-buffer v0.10.4
    Checking crypto-common v0.1.7
    Checking digest v0.10.7
    Checking sha2 v0.10.9
   Compiling serde_derive_internals v0.30.0
   Compiling serde_derive v1.0.229
   Compiling ref-cast-impl v1.0.27
   Compiling thiserror-impl v2.0.20
   Compiling schemars_derive v1.2.2
    Checking schemars v1.2.2
    Checking eliot-contracts v0.1.0 (C:\Development\Rust\projects\eliot-swarm\CB-2893-base\crates\foundation\eliot-contracts)
    Checking eliot-research-exchange-api v0.1.0 (C:\Development\Rust\projects\eliot-swarm\CB-2893-base\crates\research\eliot-research-exchange-api)
    Checking eliot-research-exchange v0.1.0 (C:\Development\Rust\projects\eliot-swarm\CB-2893-base\crates\research\eliot-research-exchange)
    Checking eliot-researcher v0.1.0 (C:\Development\Rust\projects\eliot-swarm\CB-2893-base\crates\research\eliot-researcher)
    Finished `dev` profile [unoptimized + debuginfo] target(s) in 9.48s
