Provenance fix in motion — confirming transient restores are allowed, then staging the two-commit sequence.
I've confirmed the closure failure is pre-existing on main — now checking the split governance allows the transient fix.
Governance check passed — no prohibition on transient provenance commits. Now routing the docs and building the branch.
Byte streams verified machine-generated — now executing the adopt-then-restore commits.
Both provenance commits staged with tip trees unchanged — now running the closure verification.
Branch pushed and closure is GREEN — gathering the final evidence for the report.
Pushed branch `work/docs-closure-provenance`, no merge.

Base: `origin/main 09c2c902d31bae9ceb7f37ab14b6ea2084b47b9a`. Current HEAD `b64fdf990726a34d20dadecf36c4c2d3d7b4a83c`, tracks `origin/work/docs-closure-provenance`.

Pre-check — transient commits allowed:
- `docs/architecture/SPLIT_REPORT.md:1-20`: records deterministic migration, legacy paths as compatibility maps, verification by reconstruction. No prohibition on history provenance commits.
- `docs/architecture/READING_PROTOCOL.md:1-64`: 7 fail-closed cases, none forbids transient full-text history; context discipline prohibits facades/assembled books as default agent context, not as git history. Proceeded.

Docs routing (before mutation):
- `python scripts/docs_read.py read --path docs/architecture/ELIOT_ARCHITECTURE.md --path docs/architecture/ELIOT_IMPLEMENTATION.md --topic "docs-closure provenance restoration"`
- `DOC_READ: PASS receipt=sha256:97f9c012... route=sha256:52c5386b... required=28 bundle_sha256=1f6fdef1...`
- Matched routes: `security-privacy`, `documentation-authority`. Bundle opened and verified; receipts local in `.eliot/`, not committed.

Machine-generated bytes (never hand-edited):
- Arch: `git show c0a880a2:...ELIOT_ARCHITECTURE.md` = `assemble --source architecture` = 149403 B, `sha256:c6932eaf...`, `blob:81ad1508...` (matches `normative-pair.toml:19`).
- Impl: `assemble --source implementation` = 1003351 B, `sha256:40b0908a...`, `blob:40ffcda4...` (matches `normative-pair.toml:26`).
- Facades saved from `09c2c902`: 23333 B `100d72df.../e19800d7...`, 154307 B `63e6de3b.../51a56d3a...`. Verified with `git hash-object`.

Two commits (only those 2 files):
- A `d8eec94082d5e8786cea5ebc09c9a62598e4d8af` — adopt both streams to legacy paths.
- B `b64fdf990726a34d20dadecf36c4c2d3d7b4a83c` — restore both facades byte-identical.
- `git diff origin/main HEAD --stat` empty; tip tree identical. Blobs at B match `origin/main`.

Gates:
- `just docs-closure-audit`: GREEN `DOC_CLOSURE_AUDIT: errors=0 warnings=45 info=27`. Evidence: arch matches `[d8eec940,c0a880a2]` blob `81ad1508...`, impl matches `[d8eec940]` blob `40ffcda4...`, common `['d8eec940...']`.
- `just quick`: FAIL at `standalone-crates` (pre-existing, unrelated — tree identical to main, docs-only branch). Log: `STANDALONE_CRATE_FAIL: crates/smart/eliot-dreamer-curation-wasm step=test`, `STANDALONE_CRATE_FAIL: crates/smart/eliot-dreamer-cycle-wasm step=fmt`, `STANDALONE_CRATES: FAIL crates=11 failures=2`. All prior gates PASS including `DOC_CLOSURE_AUDIT errors=0`.

Forbidden compliance: no manifests, pair, code, tests, or other files touched; no I9.4 revert; facades unchanged at tip; no merge/close. `git status` shows only pre-existing untracked prompt/log files.
